2026-03-13 00:52:11 | ERROR   | MainThread | Application crashed error='AppConfig' object has no attribute 'target_inventory_file'
Traceback (most recent call last):
  File "D:\dev\mk\main.py", line 82, in <module>
    asyncio.run(app.run())
    ~~~~~~~~~~~^^^^^^^^^^^
  File "C:\Users\D.RYKOV\AppData\Local\Python\pythoncore-3.14-64\Lib\asyncio\runners.py", line 204, in run
    return runner.run(main)
           ~~~~~~~~~~^^^^^^
  File "C:\Users\D.RYKOV\AppData\Local\Python\pythoncore-3.14-64\Lib\asyncio\runners.py", line 127, in run
    return self._loop.run_until_complete(task)
           ~~~~~~~~~~~~~~~~~~~~~~~~~~~~~^^^^^^
  File "C:\Users\D.RYKOV\AppData\Local\Python\pythoncore-3.14-64\Lib\asyncio\base_events.py", line 719, in run_until_complete
    return future.result()
           ~~~~~~~~~~~~~^^
  File "D:\dev\mk\runner.py", line 40, in run
    ips = self.target_provider.get_target_ips()
  File "D:\dev\mk\domain\targets.py", line 17, in get_target_ips
    inventory_path = Path(self.config.target_inventory_file)
                          ^^^^^^^^^^^^^^^^^^^^^^^^^^^^^^^^^
AttributeError: 'AppConfig' object has no attribute 'target_inventory_file'
2026-03-13 00:53:07 | ERROR   | MainThread | Application crashed error='AppConfig' object has no attribute 'target_inventory_file'
Traceback (most recent call last):
  File "D:\dev\mk\main.py", line 82, in <module>
    asyncio.run(app.run())
    ~~~~~~~~~~~^^^^^^^^^^^
  File "C:\Users\D.RYKOV\AppData\Local\Python\pythoncore-3.14-64\Lib\asyncio\runners.py", line 204, in run
    return runner.run(main)
           ~~~~~~~~~~^^^^^^
  File "C:\Users\D.RYKOV\AppData\Local\Python\pythoncore-3.14-64\Lib\asyncio\runners.py", line 127, in run
    return self._loop.run_until_complete(task)
           ~~~~~~~~~~~~~~~~~~~~~~~~~~~~~^^^^^^
  File "C:\Users\D.RYKOV\AppData\Local\Python\pythoncore-3.14-64\Lib\asyncio\base_events.py", line 719, in run_until_complete
    return future.result()
           ~~~~~~~~~~~~~^^
  File "D:\dev\mk\runner.py", line 40, in run
    ips = self.target_provider.get_target_ips()
  File "D:\dev\mk\domain\targets.py", line 17, in get_target_ips
    inventory_path = Path(self.config.target_inventory_file)
                          ^^^^^^^^^^^^^^^^^^^^^^^^^^^^^^^^^
AttributeError: 'AppConfig' object has no attribute 'target_inventory_file'
2026-03-13 00:53:48 | ERROR   | MainThread | Application crashed error=Inventory file not found: mgmt_vlan_inventory.yml
Traceback (most recent call last):
  File "D:\dev\mk\main.py", line 82, in <module>
    asyncio.run(app.run())
    ~~~~~~~~~~~^^^^^^^^^^^
  File "C:\Users\D.RYKOV\AppData\Local\Python\pythoncore-3.14-64\Lib\asyncio\runners.py", line 204, in run
    return runner.run(main)
           ~~~~~~~~~~^^^^^^
  File "C:\Users\D.RYKOV\AppData\Local\Python\pythoncore-3.14-64\Lib\asyncio\runners.py", line 127, in run
    return self._loop.run_until_complete(task)
           ~~~~~~~~~~~~~~~~~~~~~~~~~~~~~^^^^^^
  File "C:\Users\D.RYKOV\AppData\Local\Python\pythoncore-3.14-64\Lib\asyncio\base_events.py", line 719, in run_until_complete
    return future.result()
           ~~~~~~~~~~~~~^^
  File "D:\dev\mk\runner.py", line 40, in run
    ips = self.target_provider.get_target_ips()
  File "D:\dev\mk\domain\targets.py", line 19, in get_target_ips
    raise FileNotFoundError(
        f"Inventory file not found: {inventory_path}"
    )
FileNotFoundError: Inventory file not found: mgmt_vlan_inventory.yml
